2026-02-22 07:47:20 [INFO] Command succeeded: nixos-version
2026-02-22 07:47:20 [INFO] Command succeeded: nix-channel --list
2026-02-22 07:47:20 [INFO] System snapshot saved to /home/nebu/Git/cthulhu/NixOS/2026-02-22
2026-02-22 07:47:24 [INFO] Copied /home/nebu/.config/fastfetch -> /home/nebu/Git/cthulhu/Fastfetch/fastfetch
2026-02-22 07:47:24 [WARN] Missing source path: /home/nebu/.config/rofi
2026-02-22 07:47:24 [WARN] Missing source path: /home/nebu/.config/picom
2026-02-22 07:47:24 [INFO] Copied /home/nebu/.config/dunst -> /home/nebu/Git/cthulhu/Dunst/dunst
2026-02-22 07:47:24 [INFO] Copied /home/nebu/.wallpaper -> /home/nebu/Git/cthulhu/.wallpaper
2026-02-22 07:47:24 [WARN] Missing source path: /home/nebu/.config/dwm
2026-02-22 07:47:24 [WARN] Missing source path: /home/nebu/.xmonad
2026-02-22 07:47:24 [WARN] Missing source path: /home/nebu/.config/hypr
2026-02-22 07:47:24 [WARN] Missing source path: /home/nebu/.config/xfce4
2026-02-22 07:47:24 [WARN] Missing source path: /home/nebu/.config/cinnamon
2026-02-22 07:47:24 [INFO] Copied /home/nebu/.config/plasma-localerc -> /home/nebu/Git/cthulhu/DE/plasma/plasma-localerc
2026-02-22 07:47:24 [INFO] Copied /home/nebu/.config/plasmanotifyrc -> /home/nebu/Git/cthulhu/DE/plasma/plasmanotifyrc
2026-02-22 07:47:24 [INFO] Copied /home/nebu/.config/plasma-org.kde.plasma.desktop-appletsrc -> /home/nebu/Git/cthulhu/DE/plasma/plasma-org.kde.plasma.desktop-appletsrc
2026-02-22 07:47:24 [INFO] Copied /home/nebu/.config/plasmaparc -> /home/nebu/Git/cthulhu/DE/plasma/plasmaparc
2026-02-22 07:47:24 [INFO] Copied /home/nebu/.config/plasmashellrc -> /home/nebu/Git/cthulhu/DE/plasma/plasmashellrc
2026-02-22 07:47:24 [INFO] Copied /home/nebu/.config/plasma-workspace -> /home/nebu/Git/cthulhu/DE/plasma/plasma-workspace
2026-02-22 07:47:24 [INFO] Copied /home/nebu/.config/gnome-session -> /home/nebu/Git/cthulhu/DE/gnome/gnome-session
2026-02-22 07:47:24 [INFO] Core configuration snapshot complete
2026-02-22 07:48:06 [INFO] cthulhu push started in /home/nebu/Git/cthulhu/tools on branch main
2026-02-22 07:48:06 [INFO] staging all changes with git add -A
2026-02-22 07:48:06 [INFO] creating commit: 🐙 Snapshot update: 2026-02-22 07:48
2026-02-22 07:49:07 [INFO] cthulhu push started in /home/nebu/Git/cthulhu/tools on branch main
2026-02-22 07:49:07 [INFO] staging all changes with git add -A
2026-02-22 07:49:07 [INFO] creating commit: 🐙 Snapshot update: 2026-02-22 07:49
2026-02-22 07:49:07 [INFO] pushing commit to origin/main
2026-02-22 07:50:23 [INFO] cthulhu push started in /home/nebu/Git/cthulhu/tools on branch main
2026-02-22 07:50:23 [INFO] staging all changes with git add -A
2026-02-22 07:50:23 [INFO] creating commit: 🐙 Snapshot update: 2026-02-22 07:50
2026-02-22 07:50:23 [INFO] pushing commit to origin/main
2026-02-22 07:50:55 [INFO] cthulhu push completed successfully
2026-02-24 09:53:43 [INFO] Command succeeded: nixos-version
2026-02-24 09:53:43 [INFO] Command succeeded: nix-channel --list
2026-02-24 09:53:43 [INFO] System snapshot saved to /home/nebu/Git/cthulhu/NixOS/2026-02-24
2026-02-24 09:53:55 [INFO] Backed up /home/nebu/Git/cthulhu/Fastfetch/fastfetch -> /home/nebu/Git/cthulhu/Fastfetch/fastfetch.bak-2026-02-24-095355
2026-02-24 09:53:55 [INFO] Copied /home/nebu/.config/fastfetch -> /home/nebu/Git/cthulhu/Fastfetch/fastfetch
2026-02-24 09:53:55 [WARN] Missing source path: /home/nebu/.config/rofi
2026-02-24 09:53:55 [WARN] Missing source path: /home/nebu/.config/picom
2026-02-24 09:53:56 [INFO] Backed up /home/nebu/Git/cthulhu/Dunst/dunst -> /home/nebu/Git/cthulhu/Dunst/dunst.bak-2026-02-24-095356
2026-02-24 09:53:56 [INFO] Copied /home/nebu/.config/dunst -> /home/nebu/Git/cthulhu/Dunst/dunst
2026-02-24 09:53:57 [INFO] Backed up /home/nebu/Git/cthulhu/.wallpaper -> /home/nebu/Git/cthulhu/.wallpaper.bak-2026-02-24-095357
2026-02-24 09:53:57 [INFO] Copied /home/nebu/.wallpaper -> /home/nebu/Git/cthulhu/.wallpaper
2026-02-24 09:53:57 [WARN] Missing source path: /home/nebu/.config/dwm
2026-02-24 09:53:57 [WARN] Missing source path: /home/nebu/.xmonad
2026-02-24 09:53:57 [WARN] Missing source path: /home/nebu/.config/hypr
2026-02-24 09:53:57 [WARN] Missing source path: /home/nebu/.config/xfce4
2026-02-24 09:53:57 [WARN] Missing source path: /home/nebu/.config/cinnamon
2026-02-24 09:53:58 [INFO] Backed up /home/nebu/Git/cthulhu/DE/plasma/plasma-localerc -> /home/nebu/Git/cthulhu/DE/plasma/plasma-localerc.bak-2026-02-24-095358
2026-02-24 09:53:58 [INFO] Copied /home/nebu/.config/plasma-localerc -> /home/nebu/Git/cthulhu/DE/plasma/plasma-localerc
2026-02-24 09:53:59 [INFO] Backed up /home/nebu/Git/cthulhu/DE/plasma/plasmanotifyrc -> /home/nebu/Git/cthulhu/DE/plasma/plasmanotifyrc.bak-2026-02-24-095359
2026-02-24 09:53:59 [INFO] Copied /home/nebu/.config/plasmanotifyrc -> /home/nebu/Git/cthulhu/DE/plasma/plasmanotifyrc
2026-02-24 09:54:00 [INFO] Backed up /home/nebu/Git/cthulhu/DE/plasma/plasma-org.kde.plasma.desktop-appletsrc -> /home/nebu/Git/cthulhu/DE/plasma/plasma-org.kde.plasma.desktop-appletsrc.bak-2026-02-24-095400
2026-02-24 09:54:00 [INFO] Copied /home/nebu/.config/plasma-org.kde.plasma.desktop-appletsrc -> /home/nebu/Git/cthulhu/DE/plasma/plasma-org.kde.plasma.desktop-appletsrc
2026-02-24 09:54:00 [INFO] Backed up /home/nebu/Git/cthulhu/DE/plasma/plasmaparc -> /home/nebu/Git/cthulhu/DE/plasma/plasmaparc.bak-2026-02-24-095400
2026-02-24 09:54:00 [INFO] Copied /home/nebu/.config/plasmaparc -> /home/nebu/Git/cthulhu/DE/plasma/plasmaparc
2026-02-24 09:54:01 [INFO] Backed up /home/nebu/Git/cthulhu/DE/plasma/plasmashellrc -> /home/nebu/Git/cthulhu/DE/plasma/plasmashellrc.bak-2026-02-24-095401
2026-02-24 09:54:01 [INFO] Copied /home/nebu/.config/plasmashellrc -> /home/nebu/Git/cthulhu/DE/plasma/plasmashellrc
2026-02-24 09:54:02 [INFO] Backed up /home/nebu/Git/cthulhu/DE/plasma/plasma-workspace -> /home/nebu/Git/cthulhu/DE/plasma/plasma-workspace.bak-2026-02-24-095402
2026-02-24 09:54:02 [INFO] Copied /home/nebu/.config/plasma-workspace -> /home/nebu/Git/cthulhu/DE/plasma/plasma-workspace
2026-02-24 09:54:02 [INFO] Backed up /home/nebu/Git/cthulhu/DE/gnome/gnome-session -> /home/nebu/Git/cthulhu/DE/gnome/gnome-session.bak-2026-02-24-095402
2026-02-24 09:54:02 [INFO] Copied /home/nebu/.config/gnome-session -> /home/nebu/Git/cthulhu/DE/gnome/gnome-session
2026-02-24 09:54:02 [INFO] Core configuration snapshot complete
2026-02-24 09:54:18 [INFO] cthulhu push started in /home/nebu/Git/cthulhu/tools on branch main
2026-02-24 09:54:18 [INFO] staging all changes with git add -A
2026-02-24 09:54:18 [INFO] creating commit: 🐙 Snapshot update: 2026-02-24 09:54
2026-02-24 09:54:18 [INFO] pushing commit to origin/main
2026-02-24 09:54:20 [INFO] cthulhu push completed successfully
2026-03-09 15:07:34 [INFO] Command succeeded: nixos-version
2026-03-09 15:07:34 [INFO] Command succeeded: nix-channel --list
2026-03-09 15:07:34 [INFO] System snapshot saved to /home/nebu/Git/cthulhu/NixOS/2026-03-09
2026-03-09 15:07:54 [INFO] Existing snapshot found; replacing /home/nebu/Git/cthulhu/NixOS/2026-03-09
2026-03-09 15:07:54 [INFO] Command succeeded: nixos-version
2026-03-09 15:07:54 [INFO] Command succeeded: nix-channel --list
2026-03-09 15:07:54 [INFO] System snapshot saved to /home/nebu/Git/cthulhu/NixOS/2026-03-09
2026-03-09 15:07:58 [INFO] Backed up /home/nebu/Git/cthulhu/Fastfetch/fastfetch -> /home/nebu/Git/cthulhu/Fastfetch/fastfetch.bak-2026-03-09-150758
2026-03-09 15:07:58 [INFO] Copied /home/nebu/.config/fastfetch -> /home/nebu/Git/cthulhu/Fastfetch/fastfetch
2026-03-09 15:07:58 [WARN] Missing source path: /home/nebu/.config/rofi
2026-03-09 15:07:58 [WARN] Missing source path: /home/nebu/.config/picom
2026-03-09 15:07:59 [INFO] Backed up /home/nebu/Git/cthulhu/Dunst/dunst -> /home/nebu/Git/cthulhu/Dunst/dunst.bak-2026-03-09-150759
2026-03-09 15:07:59 [INFO] Copied /home/nebu/.config/dunst -> /home/nebu/Git/cthulhu/Dunst/dunst
2026-03-09 15:08:00 [INFO] Backed up /home/nebu/Git/cthulhu/.wallpaper -> /home/nebu/Git/cthulhu/.wallpaper.bak-2026-03-09-150800
2026-03-09 15:08:00 [INFO] Copied /home/nebu/.wallpaper -> /home/nebu/Git/cthulhu/.wallpaper
2026-03-09 15:08:00 [WARN] Missing source path: /home/nebu/.config/dwm
2026-03-09 15:08:00 [WARN] Missing source path: /home/nebu/.xmonad
2026-03-09 15:08:00 [WARN] Missing source path: /home/nebu/.config/hypr
2026-03-09 15:08:00 [WARN] Missing source path: /home/nebu/.config/xfce4
2026-03-09 15:08:00 [WARN] Missing source path: /home/nebu/.config/cinnamon
2026-03-09 15:08:00 [INFO] Backed up /home/nebu/Git/cthulhu/DE/plasma/plasma-localerc -> /home/nebu/Git/cthulhu/DE/plasma/plasma-localerc.bak-2026-03-09-150800
2026-03-09 15:08:00 [INFO] Copied /home/nebu/.config/plasma-localerc -> /home/nebu/Git/cthulhu/DE/plasma/plasma-localerc
2026-03-09 15:08:01 [INFO] Backed up /home/nebu/Git/cthulhu/DE/plasma/plasmanotifyrc -> /home/nebu/Git/cthulhu/DE/plasma/plasmanotifyrc.bak-2026-03-09-150801
2026-03-09 15:08:01 [INFO] Copied /home/nebu/.config/plasmanotifyrc -> /home/nebu/Git/cthulhu/DE/plasma/plasmanotifyrc
2026-03-09 15:08:01 [INFO] Backed up /home/nebu/Git/cthulhu/DE/plasma/plasma-org.kde.plasma.desktop-appletsrc -> /home/nebu/Git/cthulhu/DE/plasma/plasma-org.kde.plasma.desktop-appletsrc.bak-2026-03-09-150801
2026-03-09 15:08:01 [INFO] Copied /home/nebu/.config/plasma-org.kde.plasma.desktop-appletsrc -> /home/nebu/Git/cthulhu/DE/plasma/plasma-org.kde.plasma.desktop-appletsrc
2026-03-09 15:08:02 [INFO] Backed up /home/nebu/Git/cthulhu/DE/plasma/plasmaparc -> /home/nebu/Git/cthulhu/DE/plasma/plasmaparc.bak-2026-03-09-150802
2026-03-09 15:08:02 [INFO] Copied /home/nebu/.config/plasmaparc -> /home/nebu/Git/cthulhu/DE/plasma/plasmaparc
2026-03-09 15:08:02 [INFO] Backed up /home/nebu/Git/cthulhu/DE/plasma/plasmashellrc -> /home/nebu/Git/cthulhu/DE/plasma/plasmashellrc.bak-2026-03-09-150802
2026-03-09 15:08:02 [INFO] Copied /home/nebu/.config/plasmashellrc -> /home/nebu/Git/cthulhu/DE/plasma/plasmashellrc
2026-03-09 15:08:03 [INFO] Backed up /home/nebu/Git/cthulhu/DE/plasma/plasma-workspace -> /home/nebu/Git/cthulhu/DE/plasma/plasma-workspace.bak-2026-03-09-150803
2026-03-09 15:08:03 [INFO] Copied /home/nebu/.config/plasma-workspace -> /home/nebu/Git/cthulhu/DE/plasma/plasma-workspace
2026-03-09 15:08:03 [INFO] Backed up /home/nebu/Git/cthulhu/DE/gnome/gnome-session -> /home/nebu/Git/cthulhu/DE/gnome/gnome-session.bak-2026-03-09-150803
2026-03-09 15:08:03 [INFO] Copied /home/nebu/.config/gnome-session -> /home/nebu/Git/cthulhu/DE/gnome/gnome-session
2026-03-09 15:08:03 [INFO] Core configuration snapshot complete
2026-03-09 15:08:11 [INFO] cthulhu push started in /home/nebu/Git/cthulhu/tools on branch main
2026-03-09 15:08:11 [INFO] staging all changes with git add -A
